
> temp-astro@0.0.1 build
> astro build

[2m09.08.49[22m [34m[types][39m Generated [2m25ms[22m
[2m09.08.49[22m [34m[build][39m output: [34m"static"[39m
[2m09.08.49[22m [34m[build][39m mode: [34m"static"[39m
[2m09.08.49[22m [34m[build][39m directory: [34mD:\Bintang\Apps\new-mphstar\dist\[39m
[2m09.08.49[22m [34m[build][39m Collecting build info...
[2m09.08.49[22m [34m[build][39m [32mΓ£ô Completed in 42ms.[39m
[2m09.08.49[22m [34m[build][39m Building static entrypoints...
node.exe : 
[31m[1m09.08.50[22m 
[ERROR] [vite][39m 
[31mΓ£ù[39m Build failed 
in 356ms
At line:1 char:1
+ & "C:\Program 
Files\nodejs/node.exe" 
"C:\Program 
Files\nodejs/node_mo ...
+ ~~~~~~~~~~~~~~~~~~~~~~~~~
~~~~~~~~~~~~~~~~~~~~~~~~~~~
~~~~~~~~~~~~~~~~~
    + CategoryInfo         
     : NotSpecified: ([3  
  1m[1m09.08....failed    
 in 356ms:String) [], R    
emoteException
    + FullyQualifiedErrorI 
   d : NativeCommandError
 
[vite]: Rollup failed to 
resolve import "next/dist/s
erver/api-utils" from "D:/B
intang/Apps/new-mphstar/src
/models/data_portfolio.ts".
This is most likely 
unintended because it can 
break your application at 
runtime.
If you do want to 
externalize this module 
explicitly add it to
`build.rollupOptions.extern
al`
  [1mStack trace:[22m
[2m    at viteLog (file://
/D:/Bintang/Apps/new-mphsta
r/node_modules/vite/dist/no
de/chunks/config.js:33635:5
7)
    at onwarn (file:///D:/B
intang/Apps/new-mphstar/nod
e_modules/@vitejs/plugin-re
act/dist/index.js:76:7)
    at onRollupLog (file://
/D:/Bintang/Apps/new-mphsta
r/node_modules/vite/dist/no
de/chunks/config.js:33664:6
3)
    at file:///D:/Bintang/A
pps/new-mphstar/node_module
s/rollup/dist/es/shared/nod
e-entry.js:21369:32
    at ModuleLoader.handleI
nvalidResolvedId (file:///D
:/Bintang/Apps/new-mphstar/
node_modules/rollup/dist/es
/shared/node-entry.js:22108
:26)[22m
